// Jest Snapshot v1, https://goo.gl/fbAQLP

exports[`Counters Should render 1`] = `""`;
